current directory: /home/runner/work/Animal-adopt/Animal-adopt/vendor/bundle/ruby/3.2.0/gems/psych-5.2.4/ext/psych
/usr/bin/ruby3.2 -I/usr/lib/ruby/vendor_ruby extconf.rb
checking for yaml.h... yes
checking for yaml_get_version() in -lyaml... yes
creating Makefile

current directory: /home/runner/work/Animal-adopt/Animal-adopt/vendor/bundle/ruby/3.2.0/gems/psych-5.2.4/ext/psych
make DESTDIR\= sitearchdir\=./.gem.20250630-5259-rz1r9g sitelibdir\=./.gem.20250630-5259-rz1r9g clean
cd libyaml && make clean
/bin/sh: 1: cd: can't cd to libyaml
make: [Makefile:283: clean-so] Error 2 (ignored)

current directory: /home/runner/work/Animal-adopt/Animal-adopt/vendor/bundle/ruby/3.2.0/gems/psych-5.2.4/ext/psych
make DESTDIR\= sitearchdir\=./.gem.20250630-5259-rz1r9g sitelibdir\=./.gem.20250630-5259-rz1r9g
compiling psych.c
compiling psych_emitter.c
compiling psych_parser.c
compiling psych_to_ruby.c
compiling psych_yaml_tree.c
linking shared-object psych.so

current directory: /home/runner/work/Animal-adopt/Animal-adopt/vendor/bundle/ruby/3.2.0/gems/psych-5.2.4/ext/psych
make DESTDIR\= sitearchdir\=./.gem.20250630-5259-rz1r9g sitelibdir\=./.gem.20250630-5259-rz1r9g install
/usr/bin/install -c -m 0755 psych.so ./.gem.20250630-5259-rz1r9g

current directory: /home/runner/work/Animal-adopt/Animal-adopt/vendor/bundle/ruby/3.2.0/gems/psych-5.2.4/ext/psych
make DESTDIR\= sitearchdir\=./.gem.20250630-5259-rz1r9g sitelibdir\=./.gem.20250630-5259-rz1r9g clean
cd libyaml && make clean
/bin/sh: 1: cd: can't cd to libyaml
make: [Makefile:283: clean-so] Error 2 (ignored)
